[2024-12-24 20:26:59,277: INFO: main: >>>>>> stage Data Ingestion stage started <<<<<<]
[2024-12-24 20:26:59,286: INFO: common: yaml file: config/config.yaml loaded successfully]
[2024-12-24 20:26:59,288: INFO: common: yaml file: params.yaml loaded successfully]
[2024-12-24 20:26:59,292: INFO: common: yaml file: schema.yaml loaded successfully]
[2024-12-24 20:26:59,292: INFO: common: created directory at: artifacts]
[2024-12-24 20:26:59,292: INFO: common: created directory at: artifacts/data_ingestion]
[2024-12-24 20:26:59,293: INFO: data_ingestion: File already exists of size: ~ 26 KB]
[2024-12-24 20:26:59,296: INFO: main: >>>>>> stage Data Ingestion stage completed <<<<<<

x==========x]
[2024-12-24 20:26:59,296: INFO: main: >>>>>> stage Data Validation stage started <<<<<<]
[2024-12-24 20:26:59,302: INFO: common: yaml file: config/config.yaml loaded successfully]
[2024-12-24 20:26:59,303: INFO: common: yaml file: params.yaml loaded successfully]
[2024-12-24 20:26:59,307: INFO: common: yaml file: schema.yaml loaded successfully]
[2024-12-24 20:26:59,308: INFO: common: created directory at: artifacts]
[2024-12-24 20:26:59,308: INFO: common: created directory at: artifacts/data_validation]
[2024-12-24 20:26:59,309: ERROR: main: [Errno 2] No such file or directory: 'artifacts/data_ingestion/data/survey_lung_cancer.csv']
Traceback (most recent call last):
  File "/home/siddharth/Desktop/Ds-train-2/mlpipeline-example/main.py", line 47, in <module>
    data_ingestion.main()
  File "/home/siddharth/Desktop/Ds-train-2/mlpipeline-example/src/mlProject/pipeline/stage_02_data_validation.py", line 17, in main
    data_validation.validate_all_columns()
  File "/home/siddharth/Desktop/Ds-train-2/mlpipeline-example/src/mlProject/components/data_validation.py", line 35, in validate_all_columns
    raise e # after this update the pipeline
  File "/home/siddharth/Desktop/Ds-train-2/mlpipeline-example/src/mlProject/components/data_validation.py", line 16, in validate_all_columns
    data = pd.read_csv(self.config.unzip_data_dir)
  File "/home/siddharth/.local/lib/python3.10/site-packages/pandas/io/parsers/readers.py", line 1026, in read_csv
    return _read(filepath_or_buffer, kwds)
  File "/home/siddharth/.local/lib/python3.10/site-packages/pandas/io/parsers/readers.py", line 620, in _read
    parser = TextFileReader(filepath_or_buffer, **kwds)
  File "/home/siddharth/.local/lib/python3.10/site-packages/pandas/io/parsers/readers.py", line 1620, in __init__
    self._engine = self._make_engine(f, self.engine)
  File "/home/siddharth/.local/lib/python3.10/site-packages/pandas/io/parsers/readers.py", line 1880, in _make_engine
    self.handles = get_handle(
  File "/home/siddharth/.local/lib/python3.10/site-packages/pandas/io/common.py", line 873, in get_handle
    handle = open(
FileNotFoundError: [Errno 2] No such file or directory: 'artifacts/data_ingestion/data/survey_lung_cancer.csv'
[2024-12-24 20:29:03,522: INFO: main: >>>>>> stage Data Ingestion stage started <<<<<<]
[2024-12-24 20:29:03,529: INFO: common: yaml file: config/config.yaml loaded successfully]
[2024-12-24 20:29:03,531: INFO: common: yaml file: params.yaml loaded successfully]
[2024-12-24 20:29:03,535: INFO: common: yaml file: schema.yaml loaded successfully]
[2024-12-24 20:29:03,535: INFO: common: created directory at: artifacts]
[2024-12-24 20:29:03,536: INFO: common: created directory at: artifacts/data_ingestion]
[2024-12-24 20:29:04,475: INFO: data_ingestion: artifacts/data_ingestion/data.zip download! with following info: 
Connection: close
Content-Length: 1994
Cache-Control: max-age=300
Content-Security-Policy: default-src 'none'; style-src 'unsafe-inline'; sandbox
Content-Type: application/zip
ETag: "79c6c84510a4334a5fa6d4957b12cb55a531d407c3e2044571d9117aeae46284"
Strict-Transport-Security: max-age=31536000
X-Content-Type-Options: nosniff
X-Frame-Options: deny
X-XSS-Protection: 1; mode=block
X-GitHub-Request-Id: 6C6D:328B42:103EF6:16F8A9:676ACC35
Accept-Ranges: bytes
Date: Tue, 24 Dec 2024 14:59:04 GMT
Via: 1.1 varnish
X-Served-By: cache-hyd1100030-HYD
X-Cache: MISS
X-Cache-Hits: 0
X-Timer: S1735052344.165824,VS0,VE346
Vary: Authorization,Accept-Encoding,Origin
Access-Control-Allow-Origin: *
Cross-Origin-Resource-Policy: cross-origin
X-Fastly-Request-ID: e36b12a74ff7d98995566b57b454af2befdac70a
Expires: Tue, 24 Dec 2024 15:04:04 GMT
Source-Age: 0

]
[2024-12-24 20:29:04,477: INFO: main: >>>>>> stage Data Ingestion stage completed <<<<<<

x==========x]
[2024-12-24 20:29:04,477: INFO: main: >>>>>> stage Data Validation stage started <<<<<<]
[2024-12-24 20:29:04,484: INFO: common: yaml file: config/config.yaml loaded successfully]
[2024-12-24 20:29:04,486: INFO: common: yaml file: params.yaml loaded successfully]
[2024-12-24 20:29:04,490: INFO: common: yaml file: schema.yaml loaded successfully]
[2024-12-24 20:29:04,490: INFO: common: created directory at: artifacts]
[2024-12-24 20:29:04,491: INFO: common: created directory at: artifacts/data_validation]
[2024-12-24 20:29:04,499: INFO: main: >>>>>> stage Data Validation stage completed <<<<<<

x==========x]
[2024-12-24 20:29:04,499: INFO: main: >>>>>> stage Data Transformation stage started <<<<<<]
[2024-12-24 20:29:04,505: INFO: common: yaml file: config/config.yaml loaded successfully]
[2024-12-24 20:29:04,506: INFO: common: yaml file: params.yaml loaded successfully]
[2024-12-24 20:29:04,511: INFO: common: yaml file: schema.yaml loaded successfully]
[2024-12-24 20:29:04,511: INFO: common: created directory at: artifacts]
[2024-12-24 20:29:04,512: INFO: common: created directory at: artifacts/data_transformation]
[2024-12-24 20:29:04,523: INFO: data_transformation: Splited data into training and test sets]
[2024-12-24 20:29:04,523: INFO: data_transformation: (231, 16)]
[2024-12-24 20:29:04,524: INFO: data_transformation: (78, 16)]
[2024-12-24 20:29:04,524: INFO: main: >>>>>> stage Data Transformation stage completed <<<<<<

x==========x]
[2024-12-24 20:29:04,524: INFO: main: >>>>>> stage Model Trainer stage started <<<<<<]
[2024-12-24 20:29:04,530: INFO: common: yaml file: config/config.yaml loaded successfully]
[2024-12-24 20:29:04,532: INFO: common: yaml file: params.yaml loaded successfully]
[2024-12-24 20:29:04,536: INFO: common: yaml file: schema.yaml loaded successfully]
[2024-12-24 20:29:04,536: INFO: common: created directory at: artifacts]
[2024-12-24 20:29:04,537: ERROR: main: "'ConfigBox' object has no attribute 'elasticnet'"]
Traceback (most recent call last):
  File "box/box.py", line 503, in box.box.Box.__getitem__
KeyError: 'ElasticNet'

The above exception was the direct cause of the following exception:

Traceback (most recent call last):
  File "box/box.py", line 536, in box.box.Box.__getattr__
  File "box/box.py", line 524, in box.box.Box.__getitem__
box.exceptions.BoxKeyError: "'ElasticNet'"

During handling of the above exception, another exception occurred:

Traceback (most recent call last):
  File "box/box.py", line 538, in box.box.Box.__getattr__
AttributeError: 'ConfigBox' object has no attribute 'ElasticNet'

The above exception was the direct cause of the following exception:

Traceback (most recent call last):
  File "box/config_box.py", line 28, in box.config_box.ConfigBox.__getattr__
  File "box/box.py", line 552, in box.box.Box.__getattr__
box.exceptions.BoxKeyError: "'ConfigBox' object has no attribute 'ElasticNet'"

During handling of the above exception, another exception occurred:

Traceback (most recent call last):
  File "box/box.py", line 503, in box.box.Box.__getitem__
KeyError: 'elasticnet'

The above exception was the direct cause of the following exception:

Traceback (most recent call last):
  File "box/box.py", line 536, in box.box.Box.__getattr__
  File "box/box.py", line 524, in box.box.Box.__getitem__
box.exceptions.BoxKeyError: "'elasticnet'"

During handling of the above exception, another exception occurred:

Traceback (most recent call last):
  File "box/box.py", line 538, in box.box.Box.__getattr__
AttributeError: 'ConfigBox' object has no attribute 'elasticnet'

The above exception was the direct cause of the following exception:

Traceback (most recent call last):
  File "/home/siddharth/Desktop/Ds-train-2/mlpipeline-example/main.py", line 69, in <module>
    data_ingestion.main()
  File "/home/siddharth/Desktop/Ds-train-2/mlpipeline-example/src/mlProject/pipeline/stage_04_model_trainer.py", line 15, in main
    model_trainer_config = config.get_model_trainer_config()
  File "/home/siddharth/Desktop/Ds-train-2/mlpipeline-example/src/mlProject/config/configuration.py", line 82, in get_model_trainer_config
    params = self.params.ElasticNet
  File "box/config_box.py", line 30, in box.config_box.ConfigBox.__getattr__
  File "box/box.py", line 552, in box.box.Box.__getattr__
box.exceptions.BoxKeyError: "'ConfigBox' object has no attribute 'elasticnet'"
[2024-12-24 20:34:53,824: INFO: main: >>>>>> stage Data Ingestion stage started <<<<<<]
[2024-12-24 20:34:53,830: INFO: common: yaml file: config/config.yaml loaded successfully]
[2024-12-24 20:34:53,831: INFO: common: yaml file: params.yaml loaded successfully]
[2024-12-24 20:34:53,835: INFO: common: yaml file: schema.yaml loaded successfully]
[2024-12-24 20:34:53,835: INFO: common: created directory at: artifacts]
[2024-12-24 20:34:53,836: INFO: common: created directory at: artifacts/data_ingestion]
[2024-12-24 20:34:53,836: INFO: data_ingestion: File already exists of size: ~ 2 KB]
[2024-12-24 20:34:53,838: INFO: main: >>>>>> stage Data Ingestion stage completed <<<<<<

x==========x]
[2024-12-24 20:34:53,838: INFO: main: >>>>>> stage Data Validation stage started <<<<<<]
[2024-12-24 20:34:53,843: INFO: common: yaml file: config/config.yaml loaded successfully]
[2024-12-24 20:34:53,845: INFO: common: yaml file: params.yaml loaded successfully]
[2024-12-24 20:34:53,849: INFO: common: yaml file: schema.yaml loaded successfully]
[2024-12-24 20:34:53,850: INFO: common: created directory at: artifacts]
[2024-12-24 20:34:53,850: INFO: common: created directory at: artifacts/data_validation]
[2024-12-24 20:34:53,858: INFO: main: >>>>>> stage Data Validation stage completed <<<<<<

x==========x]
[2024-12-24 20:34:53,859: INFO: main: >>>>>> stage Data Transformation stage started <<<<<<]
[2024-12-24 20:34:53,864: INFO: common: yaml file: config/config.yaml loaded successfully]
[2024-12-24 20:34:53,866: INFO: common: yaml file: params.yaml loaded successfully]
[2024-12-24 20:34:53,870: INFO: common: yaml file: schema.yaml loaded successfully]
[2024-12-24 20:34:53,871: INFO: common: created directory at: artifacts]
[2024-12-24 20:34:53,871: INFO: common: created directory at: artifacts/data_transformation]
[2024-12-24 20:34:53,882: INFO: data_transformation: Splited data into training and test sets]
[2024-12-24 20:34:53,882: INFO: data_transformation: (231, 16)]
[2024-12-24 20:34:53,882: INFO: data_transformation: (78, 16)]
[2024-12-24 20:34:53,882: INFO: main: >>>>>> stage Data Transformation stage completed <<<<<<

x==========x]
[2024-12-24 20:34:53,882: INFO: main: >>>>>> stage Model Trainer stage started <<<<<<]
[2024-12-24 20:34:53,888: INFO: common: yaml file: config/config.yaml loaded successfully]
[2024-12-24 20:34:53,889: INFO: common: yaml file: params.yaml loaded successfully]
[2024-12-24 20:34:53,893: INFO: common: yaml file: schema.yaml loaded successfully]
[2024-12-24 20:34:53,894: INFO: common: created directory at: artifacts]
[2024-12-24 20:34:53,894: INFO: common: created directory at: artifacts/model_trainer]
[2024-12-24 20:34:53,894: ERROR: main: 'ModelTrainer' object has no attribute 'train']
Traceback (most recent call last):
  File "/home/siddharth/Desktop/Ds-train-2/mlpipeline-example/main.py", line 69, in <module>
    data_ingestion.main()
  File "/home/siddharth/Desktop/Ds-train-2/mlpipeline-example/src/mlProject/pipeline/stage_04_model_trainer.py", line 17, in main
    model_trainer_config.train()
AttributeError: 'ModelTrainer' object has no attribute 'train'
[2024-12-24 20:55:00,659: INFO: main: >>>>>> stage Data Ingestion stage started <<<<<<]
[2024-12-24 20:55:00,664: INFO: common: yaml file: config/config.yaml loaded successfully]
[2024-12-24 20:55:00,665: INFO: common: yaml file: params.yaml loaded successfully]
[2024-12-24 20:55:00,669: INFO: common: yaml file: schema.yaml loaded successfully]
[2024-12-24 20:55:00,670: INFO: common: created directory at: artifacts]
[2024-12-24 20:55:00,670: INFO: common: created directory at: artifacts/data_ingestion]
[2024-12-24 20:55:00,670: INFO: data_ingestion: File already exists of size: ~ 2 KB]
[2024-12-24 20:55:00,672: INFO: main: >>>>>> stage Data Ingestion stage completed <<<<<<

x==========x]
[2024-12-24 20:55:00,672: INFO: main: >>>>>> stage Data Validation stage started <<<<<<]
[2024-12-24 20:55:00,677: INFO: common: yaml file: config/config.yaml loaded successfully]
[2024-12-24 20:55:00,679: INFO: common: yaml file: params.yaml loaded successfully]
[2024-12-24 20:55:00,683: INFO: common: yaml file: schema.yaml loaded successfully]
[2024-12-24 20:55:00,683: INFO: common: created directory at: artifacts]
[2024-12-24 20:55:00,684: INFO: common: created directory at: artifacts/data_validation]
[2024-12-24 20:55:00,691: INFO: main: >>>>>> stage Data Validation stage completed <<<<<<

x==========x]
[2024-12-24 20:55:00,692: INFO: main: >>>>>> stage Data Transformation stage started <<<<<<]
[2024-12-24 20:55:00,699: INFO: common: yaml file: config/config.yaml loaded successfully]
[2024-12-24 20:55:00,701: INFO: common: yaml file: params.yaml loaded successfully]
[2024-12-24 20:55:00,705: INFO: common: yaml file: schema.yaml loaded successfully]
[2024-12-24 20:55:00,705: INFO: common: created directory at: artifacts]
[2024-12-24 20:55:00,705: INFO: common: created directory at: artifacts/data_transformation]
[2024-12-24 20:55:00,717: INFO: data_transformation: Splited data into training and test sets]
[2024-12-24 20:55:00,717: INFO: data_transformation: (231, 16)]
[2024-12-24 20:55:00,717: INFO: data_transformation: (78, 16)]
[2024-12-24 20:55:00,717: INFO: main: >>>>>> stage Data Transformation stage completed <<<<<<

x==========x]
[2024-12-24 20:55:00,717: INFO: main: >>>>>> stage Model Trainer stage started <<<<<<]
[2024-12-24 20:55:00,723: INFO: common: yaml file: config/config.yaml loaded successfully]
[2024-12-24 20:55:00,725: INFO: common: yaml file: params.yaml loaded successfully]
[2024-12-24 20:55:00,729: INFO: common: yaml file: schema.yaml loaded successfully]
[2024-12-24 20:55:00,729: INFO: common: created directory at: artifacts]
[2024-12-24 20:55:00,729: INFO: common: created directory at: artifacts/model_trainer]
[2024-12-24 20:55:00,739: ERROR: main: could not convert string to float: 'FEMALE']
Traceback (most recent call last):
  File "/home/siddharth/Desktop/Ds-train-2/mlpipeline-example/main.py", line 69, in <module>
    data_ingestion.main()
  File "/home/siddharth/Desktop/Ds-train-2/mlpipeline-example/src/mlProject/pipeline/stage_04_model_trainer.py", line 17, in main
    model_trainer_config.train_model()
  File "/home/siddharth/Desktop/Ds-train-2/mlpipeline-example/src/mlProject/components/model_trainer.py", line 21, in train_model
    model.fit(X_train, y_train)
  File "/home/siddharth/.local/lib/python3.10/site-packages/sklearn/base.py", line 1473, in wrapper
    return fit_method(estimator, *args, **kwargs)
  File "/home/siddharth/.local/lib/python3.10/site-packages/sklearn/linear_model/_logistic.py", line 1223, in fit
    X, y = self._validate_data(
  File "/home/siddharth/.local/lib/python3.10/site-packages/sklearn/base.py", line 650, in _validate_data
    X, y = check_X_y(X, y, **check_params)
  File "/home/siddharth/.local/lib/python3.10/site-packages/sklearn/utils/validation.py", line 1273, in check_X_y
    X = check_array(
  File "/home/siddharth/.local/lib/python3.10/site-packages/sklearn/utils/validation.py", line 1007, in check_array
    array = _asarray_with_order(array, order=order, dtype=dtype, xp=xp)
  File "/home/siddharth/.local/lib/python3.10/site-packages/sklearn/utils/_array_api.py", line 746, in _asarray_with_order
    array = numpy.asarray(array, order=order, dtype=dtype)
  File "/home/siddharth/.local/lib/python3.10/site-packages/pandas/core/generic.py", line 2153, in __array__
    arr = np.asarray(values, dtype=dtype)
ValueError: could not convert string to float: 'FEMALE'
[2024-12-24 22:56:28,029: INFO: main: >>>>>> stage Data Ingestion stage started <<<<<<]
[2024-12-24 22:56:28,035: INFO: common: yaml file: config/config.yaml loaded successfully]
[2024-12-24 22:56:28,036: INFO: common: yaml file: params.yaml loaded successfully]
[2024-12-24 22:56:28,039: INFO: common: yaml file: schema.yaml loaded successfully]
[2024-12-24 22:56:28,040: INFO: common: created directory at: artifacts]
[2024-12-24 22:56:28,040: INFO: common: created directory at: artifacts/data_ingestion]
[2024-12-24 22:56:28,040: INFO: data_ingestion: File already exists of size: ~ 2 KB]
[2024-12-24 22:56:28,042: INFO: main: >>>>>> stage Data Ingestion stage completed <<<<<<

x==========x]
[2024-12-24 22:56:28,042: INFO: main: >>>>>> stage Data Validation stage started <<<<<<]
[2024-12-24 22:56:28,047: INFO: common: yaml file: config/config.yaml loaded successfully]
[2024-12-24 22:56:28,049: INFO: common: yaml file: params.yaml loaded successfully]
[2024-12-24 22:56:28,053: INFO: common: yaml file: schema.yaml loaded successfully]
[2024-12-24 22:56:28,053: INFO: common: created directory at: artifacts]
[2024-12-24 22:56:28,053: INFO: common: created directory at: artifacts/data_validation]
[2024-12-24 22:56:28,061: INFO: main: >>>>>> stage Data Validation stage completed <<<<<<

x==========x]
[2024-12-24 22:56:28,061: INFO: main: >>>>>> stage Data Transformation stage started <<<<<<]
[2024-12-24 22:56:28,068: INFO: common: yaml file: config/config.yaml loaded successfully]
[2024-12-24 22:56:28,069: INFO: common: yaml file: params.yaml loaded successfully]
[2024-12-24 22:56:28,073: INFO: common: yaml file: schema.yaml loaded successfully]
[2024-12-24 22:56:28,074: INFO: common: created directory at: artifacts]
[2024-12-24 22:56:28,074: INFO: common: created directory at: artifacts/data_transformation]
[2024-12-24 22:56:28,085: INFO: data_transformation: Splited data into training and test sets]
[2024-12-24 22:56:28,085: INFO: data_transformation: (231, 16)]
[2024-12-24 22:56:28,085: INFO: data_transformation: (78, 16)]
[2024-12-24 22:56:28,085: INFO: main: >>>>>> stage Data Transformation stage completed <<<<<<

x==========x]
[2024-12-24 22:56:28,085: INFO: main: >>>>>> stage Model Trainer stage started <<<<<<]
[2024-12-24 22:56:28,091: INFO: common: yaml file: config/config.yaml loaded successfully]
[2024-12-24 22:56:28,093: INFO: common: yaml file: params.yaml loaded successfully]
[2024-12-24 22:56:28,097: INFO: common: yaml file: schema.yaml loaded successfully]
[2024-12-24 22:56:28,098: INFO: common: created directory at: artifacts]
[2024-12-24 22:56:28,098: INFO: common: created directory at: artifacts/model_trainer]
[2024-12-24 22:56:28,133: INFO: main: >>>>>> stage Model Trainer stage completed <<<<<<

x==========x]
[2024-12-24 22:56:28,133: INFO: main: >>>>>> stage Model evaluation stage started <<<<<<]
[2024-12-24 22:56:28,139: INFO: common: yaml file: config/config.yaml loaded successfully]
[2024-12-24 22:56:28,140: INFO: common: yaml file: params.yaml loaded successfully]
[2024-12-24 22:56:28,144: INFO: common: yaml file: schema.yaml loaded successfully]
[2024-12-24 22:56:28,145: INFO: common: created directory at: artifacts]
[2024-12-24 22:56:28,145: INFO: common: created directory at: artifacts/model_evaluation]
[2024-12-24 22:56:28,163: ERROR: main: pos_label=1 is not a valid label. It should be one of ['NO', 'YES']]
Traceback (most recent call last):
  File "/home/siddharth/Desktop/Ds-train-2/mlpipeline-example/main.py", line 81, in <module>
    data_ingestion.main()
  File "/home/siddharth/Desktop/Ds-train-2/mlpipeline-example/src/mlProject/pipeline/stage_05_model_evaluation.py", line 17, in main
    model_evaluation_config.save_results()
  File "/home/siddharth/Desktop/Ds-train-2/mlpipeline-example/src/mlProject/components/model_evaluation.py", line 36, in save_results
    accuracy, precision, recall, f1, confusion, report = self.eval_metrics(test_y, predicted_labels)
  File "/home/siddharth/Desktop/Ds-train-2/mlpipeline-example/src/mlProject/components/model_evaluation.py", line 16, in eval_metrics
    precision = precision_score(actual, predicted, average="binary")
  File "/home/siddharth/.local/lib/python3.10/site-packages/sklearn/utils/_param_validation.py", line 213, in wrapper
    return func(*args, **kwargs)
  File "/home/siddharth/.local/lib/python3.10/site-packages/sklearn/metrics/_classification.py", line 2190, in precision_score
    p, _, _, _ = precision_recall_fscore_support(
  File "/home/siddharth/.local/lib/python3.10/site-packages/sklearn/utils/_param_validation.py", line 186, in wrapper
    return func(*args, **kwargs)
  File "/home/siddharth/.local/lib/python3.10/site-packages/sklearn/metrics/_classification.py", line 1775, in precision_recall_fscore_support
    labels = _check_set_wise_labels(y_true, y_pred, average, labels, pos_label)
  File "/home/siddharth/.local/lib/python3.10/site-packages/sklearn/metrics/_classification.py", line 1555, in _check_set_wise_labels
    raise ValueError(
ValueError: pos_label=1 is not a valid label. It should be one of ['NO', 'YES']
[2024-12-24 23:08:44,975: INFO: main: >>>>>> stage Data Ingestion stage started <<<<<<]
[2024-12-24 23:08:44,981: INFO: common: yaml file: config/config.yaml loaded successfully]
[2024-12-24 23:08:44,982: INFO: common: yaml file: params.yaml loaded successfully]
[2024-12-24 23:08:44,986: INFO: common: yaml file: schema.yaml loaded successfully]
[2024-12-24 23:08:44,987: INFO: common: created directory at: artifacts]
[2024-12-24 23:08:44,987: INFO: common: created directory at: artifacts/data_ingestion]
[2024-12-24 23:08:44,988: INFO: data_ingestion: File already exists of size: ~ 2 KB]
[2024-12-24 23:08:44,989: INFO: main: >>>>>> stage Data Ingestion stage completed <<<<<<

x==========x]
[2024-12-24 23:08:44,989: INFO: main: >>>>>> stage Data Validation stage started <<<<<<]
[2024-12-24 23:08:44,996: INFO: common: yaml file: config/config.yaml loaded successfully]
[2024-12-24 23:08:44,997: INFO: common: yaml file: params.yaml loaded successfully]
[2024-12-24 23:08:45,000: INFO: common: yaml file: schema.yaml loaded successfully]
[2024-12-24 23:08:45,001: INFO: common: created directory at: artifacts]
[2024-12-24 23:08:45,001: INFO: common: created directory at: artifacts/data_validation]
[2024-12-24 23:08:45,012: INFO: main: >>>>>> stage Data Validation stage completed <<<<<<

x==========x]
[2024-12-24 23:08:45,013: INFO: main: >>>>>> stage Data Transformation stage started <<<<<<]
[2024-12-24 23:08:45,019: INFO: common: yaml file: config/config.yaml loaded successfully]
[2024-12-24 23:08:45,020: INFO: common: yaml file: params.yaml loaded successfully]
[2024-12-24 23:08:45,024: INFO: common: yaml file: schema.yaml loaded successfully]
[2024-12-24 23:08:45,025: INFO: common: created directory at: artifacts]
[2024-12-24 23:08:45,025: INFO: common: created directory at: artifacts/data_transformation]
[2024-12-24 23:08:45,036: INFO: data_transformation: Splited data into training and test sets]
[2024-12-24 23:08:45,036: INFO: data_transformation: (231, 16)]
[2024-12-24 23:08:45,036: INFO: data_transformation: (78, 16)]
[2024-12-24 23:08:45,036: INFO: main: >>>>>> stage Data Transformation stage completed <<<<<<

x==========x]
[2024-12-24 23:08:45,036: INFO: main: >>>>>> stage Model Trainer stage started <<<<<<]
[2024-12-24 23:08:45,043: INFO: common: yaml file: config/config.yaml loaded successfully]
[2024-12-24 23:08:45,044: INFO: common: yaml file: params.yaml loaded successfully]
[2024-12-24 23:08:45,049: INFO: common: yaml file: schema.yaml loaded successfully]
[2024-12-24 23:08:45,049: INFO: common: created directory at: artifacts]
[2024-12-24 23:08:45,049: INFO: common: created directory at: artifacts/model_trainer]
[2024-12-24 23:08:45,084: INFO: main: >>>>>> stage Model Trainer stage completed <<<<<<

x==========x]
[2024-12-24 23:08:45,084: INFO: main: >>>>>> stage Model evaluation stage started <<<<<<]
[2024-12-24 23:08:45,090: INFO: common: yaml file: config/config.yaml loaded successfully]
[2024-12-24 23:08:45,092: INFO: common: yaml file: params.yaml loaded successfully]
[2024-12-24 23:08:45,095: INFO: common: yaml file: schema.yaml loaded successfully]
[2024-12-24 23:08:45,096: INFO: common: created directory at: artifacts]
[2024-12-24 23:08:45,096: INFO: common: created directory at: artifacts/model_evaluation]
[2024-12-24 23:08:45,141: INFO: common: json file saved at: artifacts/model_evaluation/metrics.json]
[2024-12-24 23:08:45,141: INFO: main: >>>>>> stage Model evaluation stage completed <<<<<<

x==========x]
[2024-12-25 13:07:49,552: INFO: main: >>>>>> stage Data Ingestion stage started <<<<<<]
[2024-12-25 13:07:49,558: INFO: common: yaml file: config/config.yaml loaded successfully]
[2024-12-25 13:07:49,560: INFO: common: yaml file: params.yaml loaded successfully]
[2024-12-25 13:07:49,563: INFO: common: yaml file: schema.yaml loaded successfully]
[2024-12-25 13:07:49,564: INFO: common: created directory at: artifacts]
[2024-12-25 13:07:49,564: INFO: common: created directory at: artifacts/data_ingestion]
[2024-12-25 13:07:49,564: INFO: data_ingestion: File already exists of size: ~ 2 KB]
[2024-12-25 13:07:49,566: INFO: main: >>>>>> stage Data Ingestion stage completed <<<<<<

x==========x]
[2024-12-25 13:07:49,566: INFO: main: >>>>>> stage Data Validation stage started <<<<<<]
[2024-12-25 13:07:49,572: INFO: common: yaml file: config/config.yaml loaded successfully]
[2024-12-25 13:07:49,574: INFO: common: yaml file: params.yaml loaded successfully]
[2024-12-25 13:07:49,577: INFO: common: yaml file: schema.yaml loaded successfully]
[2024-12-25 13:07:49,577: INFO: common: created directory at: artifacts]
[2024-12-25 13:07:49,578: INFO: common: created directory at: artifacts/data_validation]
[2024-12-25 13:07:49,585: INFO: main: >>>>>> stage Data Validation stage completed <<<<<<

x==========x]
[2024-12-25 13:07:49,585: INFO: main: >>>>>> stage Data Transformation stage started <<<<<<]
[2024-12-25 13:07:49,594: INFO: common: yaml file: config/config.yaml loaded successfully]
[2024-12-25 13:07:49,595: INFO: common: yaml file: params.yaml loaded successfully]
[2024-12-25 13:07:49,599: INFO: common: yaml file: schema.yaml loaded successfully]
[2024-12-25 13:07:49,600: INFO: common: created directory at: artifacts]
[2024-12-25 13:07:49,601: INFO: common: created directory at: artifacts/data_transformation]
[2024-12-25 13:07:49,612: INFO: data_transformation: Splited data into training and test sets]
[2024-12-25 13:07:49,613: INFO: data_transformation: (231, 16)]
[2024-12-25 13:07:49,613: INFO: data_transformation: (78, 16)]
[2024-12-25 13:07:49,613: INFO: main: >>>>>> stage Data Transformation stage completed <<<<<<

x==========x]
[2024-12-25 13:07:49,613: INFO: main: >>>>>> stage Model Trainer stage started <<<<<<]
[2024-12-25 13:07:49,621: INFO: common: yaml file: config/config.yaml loaded successfully]
[2024-12-25 13:07:49,623: INFO: common: yaml file: params.yaml loaded successfully]
[2024-12-25 13:07:49,628: INFO: common: yaml file: schema.yaml loaded successfully]
[2024-12-25 13:07:49,629: INFO: common: created directory at: artifacts]
[2024-12-25 13:07:49,629: INFO: common: created directory at: artifacts/model_trainer]
[2024-12-25 13:07:49,666: INFO: main: >>>>>> stage Model Trainer stage completed <<<<<<

x==========x]
[2024-12-25 13:07:49,666: INFO: main: >>>>>> stage Model evaluation stage started <<<<<<]
[2024-12-25 13:07:49,671: INFO: common: yaml file: config/config.yaml loaded successfully]
[2024-12-25 13:07:49,673: INFO: common: yaml file: params.yaml loaded successfully]
[2024-12-25 13:07:49,678: INFO: common: yaml file: schema.yaml loaded successfully]
[2024-12-25 13:07:49,678: INFO: common: created directory at: artifacts]
[2024-12-25 13:07:49,679: INFO: common: created directory at: artifacts/model_evaluation]
[2024-12-25 13:07:49,729: INFO: common: json file saved at: artifacts/model_evaluation/metrics.json]
[2024-12-25 13:07:49,729: INFO: main: >>>>>> stage Model evaluation stage completed <<<<<<

x==========x]
[2024-12-26 19:32:26,212: INFO: main: >>>>>> stage Data Ingestion stage started <<<<<<]
[2024-12-26 19:32:26,219: INFO: common: yaml file: config/config.yaml loaded successfully]
[2024-12-26 19:32:26,221: INFO: common: yaml file: params.yaml loaded successfully]
[2024-12-26 19:32:26,225: INFO: common: yaml file: schema.yaml loaded successfully]
[2024-12-26 19:32:26,226: INFO: common: created directory at: artifacts]
[2024-12-26 19:32:26,226: INFO: common: created directory at: artifacts/data_ingestion]
[2024-12-26 19:32:26,226: INFO: data_ingestion: File already exists of size: ~ 2 KB]
[2024-12-26 19:32:26,228: INFO: main: >>>>>> stage Data Ingestion stage completed <<<<<<

x==========x]
[2024-12-26 19:32:26,228: INFO: main: >>>>>> stage Data Validation stage started <<<<<<]
[2024-12-26 19:32:26,234: INFO: common: yaml file: config/config.yaml loaded successfully]
[2024-12-26 19:32:26,235: INFO: common: yaml file: params.yaml loaded successfully]
[2024-12-26 19:32:26,239: INFO: common: yaml file: schema.yaml loaded successfully]
[2024-12-26 19:32:26,239: INFO: common: created directory at: artifacts]
[2024-12-26 19:32:26,239: INFO: common: created directory at: artifacts/data_validation]
[2024-12-26 19:32:26,248: INFO: main: >>>>>> stage Data Validation stage completed <<<<<<

x==========x]
[2024-12-26 19:32:26,248: INFO: main: >>>>>> stage Data Transformation stage started <<<<<<]
[2024-12-26 19:32:26,255: INFO: common: yaml file: config/config.yaml loaded successfully]
[2024-12-26 19:32:26,257: INFO: common: yaml file: params.yaml loaded successfully]
[2024-12-26 19:32:26,262: INFO: common: yaml file: schema.yaml loaded successfully]
[2024-12-26 19:32:26,262: INFO: common: created directory at: artifacts]
[2024-12-26 19:32:26,263: INFO: common: created directory at: artifacts/data_transformation]
[2024-12-26 19:32:26,263: INFO: data_transformation: Loading data for train-test splitting]
[2024-12-26 19:32:26,266: INFO: data_transformation: Cleaning the data before splitting]
[2024-12-26 19:32:26,266: INFO: data_transformation: Starting data cleaning process]
[2024-12-26 19:32:26,272: INFO: data_transformation: Data cleaning completed]
[2024-12-26 19:32:26,272: INFO: data_transformation: Data shape after cleaning: (276, 16)]
[2024-12-26 19:32:26,278: INFO: data_transformation: Splited data into training and test sets]
[2024-12-26 19:32:26,279: INFO: data_transformation: (207, 16)]
[2024-12-26 19:32:26,279: INFO: data_transformation: (69, 16)]
[2024-12-26 19:32:26,279: INFO: main: >>>>>> stage Data Transformation stage completed <<<<<<

x==========x]
[2024-12-26 19:32:26,279: INFO: main: >>>>>> stage Model Trainer stage started <<<<<<]
[2024-12-26 19:32:26,285: INFO: common: yaml file: config/config.yaml loaded successfully]
[2024-12-26 19:32:26,286: INFO: common: yaml file: params.yaml loaded successfully]
[2024-12-26 19:32:26,290: INFO: common: yaml file: schema.yaml loaded successfully]
[2024-12-26 19:32:26,291: INFO: common: created directory at: artifacts]
[2024-12-26 19:32:26,291: INFO: common: created directory at: artifacts/model_trainer]
[2024-12-26 19:32:26,321: INFO: main: >>>>>> stage Model Trainer stage completed <<<<<<

x==========x]
[2024-12-26 19:32:26,321: INFO: main: >>>>>> stage Model evaluation stage started <<<<<<]
[2024-12-26 19:32:26,327: INFO: common: yaml file: config/config.yaml loaded successfully]
[2024-12-26 19:32:26,329: INFO: common: yaml file: params.yaml loaded successfully]
[2024-12-26 19:32:26,333: INFO: common: yaml file: schema.yaml loaded successfully]
[2024-12-26 19:32:26,334: INFO: common: created directory at: artifacts]
[2024-12-26 19:32:26,334: INFO: common: created directory at: artifacts/model_evaluation]
[2024-12-26 19:32:26,376: INFO: common: json file saved at: artifacts/model_evaluation/metrics.json]
[2024-12-26 19:32:26,376: INFO: main: >>>>>> stage Model evaluation stage completed <<<<<<

x==========x]
[2024-12-26 19:39:38,660: INFO: main: >>>>>> stage Data Ingestion stage started <<<<<<]
[2024-12-26 19:39:38,666: INFO: common: yaml file: config/config.yaml loaded successfully]
[2024-12-26 19:39:38,667: INFO: common: yaml file: params.yaml loaded successfully]
[2024-12-26 19:39:38,671: INFO: common: yaml file: schema.yaml loaded successfully]
[2024-12-26 19:39:38,671: INFO: common: created directory at: artifacts]
[2024-12-26 19:39:38,671: INFO: common: created directory at: artifacts/data_ingestion]
[2024-12-26 19:39:38,672: INFO: data_ingestion: File already exists of size: ~ 2 KB]
[2024-12-26 19:39:38,673: INFO: main: >>>>>> stage Data Ingestion stage completed <<<<<<

x==========x]
[2024-12-26 19:39:38,674: INFO: main: >>>>>> stage Data Validation stage started <<<<<<]
[2024-12-26 19:39:38,679: INFO: common: yaml file: config/config.yaml loaded successfully]
[2024-12-26 19:39:38,681: INFO: common: yaml file: params.yaml loaded successfully]
[2024-12-26 19:39:38,686: INFO: common: yaml file: schema.yaml loaded successfully]
[2024-12-26 19:39:38,687: INFO: common: created directory at: artifacts]
[2024-12-26 19:39:38,687: INFO: common: created directory at: artifacts/data_validation]
[2024-12-26 19:39:38,695: INFO: main: >>>>>> stage Data Validation stage completed <<<<<<

x==========x]
[2024-12-26 19:39:38,696: INFO: main: >>>>>> stage Data Transformation stage started <<<<<<]
[2024-12-26 19:39:38,702: INFO: common: yaml file: config/config.yaml loaded successfully]
[2024-12-26 19:39:38,704: INFO: common: yaml file: params.yaml loaded successfully]
[2024-12-26 19:39:38,709: INFO: common: yaml file: schema.yaml loaded successfully]
[2024-12-26 19:39:38,710: INFO: common: created directory at: artifacts]
[2024-12-26 19:39:38,710: INFO: common: created directory at: artifacts/data_transformation]
[2024-12-26 19:39:38,710: INFO: data_transformation: Loading data for train-test splitting]
[2024-12-26 19:39:38,713: INFO: data_transformation: Cleaning the data before splitting]
[2024-12-26 19:39:38,714: INFO: data_transformation: Starting data cleaning process]
[2024-12-26 19:39:38,720: INFO: data_transformation: Data cleaning completed]
[2024-12-26 19:39:38,721: INFO: data_transformation: Data shape after cleaning: (276, 16)]
[2024-12-26 19:39:38,727: INFO: data_transformation: Splited data into training and test sets]
[2024-12-26 19:39:38,727: INFO: data_transformation: (207, 16)]
[2024-12-26 19:39:38,727: INFO: data_transformation: (69, 16)]
[2024-12-26 19:39:38,728: INFO: main: >>>>>> stage Data Transformation stage completed <<<<<<

x==========x]
[2024-12-26 19:39:38,728: INFO: main: >>>>>> stage Model Trainer stage started <<<<<<]
[2024-12-26 19:39:38,734: INFO: common: yaml file: config/config.yaml loaded successfully]
[2024-12-26 19:39:38,735: INFO: common: yaml file: params.yaml loaded successfully]
[2024-12-26 19:39:38,739: INFO: common: yaml file: schema.yaml loaded successfully]
[2024-12-26 19:39:38,739: INFO: common: created directory at: artifacts]
[2024-12-26 19:39:38,739: INFO: common: created directory at: artifacts/model_trainer]
[2024-12-26 19:39:38,770: INFO: main: >>>>>> stage Model Trainer stage completed <<<<<<

x==========x]
[2024-12-26 19:39:38,770: INFO: main: >>>>>> stage Model evaluation stage started <<<<<<]
[2024-12-26 19:39:38,776: INFO: common: yaml file: config/config.yaml loaded successfully]
[2024-12-26 19:39:38,777: INFO: common: yaml file: params.yaml loaded successfully]
[2024-12-26 19:39:38,783: INFO: common: yaml file: schema.yaml loaded successfully]
[2024-12-26 19:39:38,783: INFO: common: created directory at: artifacts]
[2024-12-26 19:39:38,784: INFO: common: created directory at: artifacts/model_evaluation]
[2024-12-26 19:39:38,827: INFO: main: >>>>>> stage Model evaluation stage completed <<<<<<

x==========x]
[2024-12-26 19:42:00,517: INFO: main: >>>>>> stage Data Ingestion stage started <<<<<<]
[2024-12-26 19:42:00,523: INFO: common: yaml file: config/config.yaml loaded successfully]
[2024-12-26 19:42:00,524: INFO: common: yaml file: params.yaml loaded successfully]
[2024-12-26 19:42:00,527: INFO: common: yaml file: schema.yaml loaded successfully]
[2024-12-26 19:42:00,528: INFO: common: created directory at: artifacts]
[2024-12-26 19:42:00,528: INFO: common: created directory at: artifacts/data_ingestion]
[2024-12-26 19:42:00,528: INFO: data_ingestion: File already exists of size: ~ 2 KB]
[2024-12-26 19:42:00,530: INFO: main: >>>>>> stage Data Ingestion stage completed <<<<<<

x==========x]
[2024-12-26 19:42:00,530: INFO: main: >>>>>> stage Data Validation stage started <<<<<<]
[2024-12-26 19:42:00,536: INFO: common: yaml file: config/config.yaml loaded successfully]
[2024-12-26 19:42:00,537: INFO: common: yaml file: params.yaml loaded successfully]
[2024-12-26 19:42:00,542: INFO: common: yaml file: schema.yaml loaded successfully]
[2024-12-26 19:42:00,543: INFO: common: created directory at: artifacts]
[2024-12-26 19:42:00,543: INFO: common: created directory at: artifacts/data_validation]
[2024-12-26 19:42:00,551: INFO: main: >>>>>> stage Data Validation stage completed <<<<<<

x==========x]
[2024-12-26 19:42:00,552: INFO: main: >>>>>> stage Data Transformation stage started <<<<<<]
[2024-12-26 19:42:00,558: INFO: common: yaml file: config/config.yaml loaded successfully]
[2024-12-26 19:42:00,559: INFO: common: yaml file: params.yaml loaded successfully]
[2024-12-26 19:42:00,563: INFO: common: yaml file: schema.yaml loaded successfully]
[2024-12-26 19:42:00,564: INFO: common: created directory at: artifacts]
[2024-12-26 19:42:00,564: INFO: common: created directory at: artifacts/data_transformation]
[2024-12-26 19:42:00,564: INFO: data_transformation: Loading data for train-test splitting]
[2024-12-26 19:42:00,567: INFO: data_transformation: Cleaning the data before splitting]
[2024-12-26 19:42:00,568: INFO: data_transformation: Starting data cleaning process]
[2024-12-26 19:42:00,573: INFO: data_transformation: Data cleaning completed]
[2024-12-26 19:42:00,573: INFO: data_transformation: Data shape after cleaning: (276, 16)]
[2024-12-26 19:42:00,579: INFO: data_transformation: Splited data into training and test sets]
[2024-12-26 19:42:00,580: INFO: data_transformation: (207, 16)]
[2024-12-26 19:42:00,580: INFO: data_transformation: (69, 16)]
[2024-12-26 19:42:00,580: INFO: main: >>>>>> stage Data Transformation stage completed <<<<<<

x==========x]
[2024-12-26 19:42:00,580: INFO: main: >>>>>> stage Model Trainer stage started <<<<<<]
[2024-12-26 19:42:00,586: INFO: common: yaml file: config/config.yaml loaded successfully]
[2024-12-26 19:42:00,588: INFO: common: yaml file: params.yaml loaded successfully]
[2024-12-26 19:42:00,592: INFO: common: yaml file: schema.yaml loaded successfully]
[2024-12-26 19:42:00,592: INFO: common: created directory at: artifacts]
[2024-12-26 19:42:00,593: INFO: common: created directory at: artifacts/model_trainer]
[2024-12-26 19:42:00,622: INFO: main: >>>>>> stage Model Trainer stage completed <<<<<<

x==========x]
[2024-12-26 19:42:00,622: INFO: main: >>>>>> stage Model evaluation stage started <<<<<<]
[2024-12-26 19:42:00,628: INFO: common: yaml file: config/config.yaml loaded successfully]
[2024-12-26 19:42:00,629: INFO: common: yaml file: params.yaml loaded successfully]
[2024-12-26 19:42:00,633: INFO: common: yaml file: schema.yaml loaded successfully]
[2024-12-26 19:42:00,634: INFO: common: created directory at: artifacts]
[2024-12-26 19:42:00,634: INFO: common: created directory at: artifacts/model_evaluation]
[2024-12-26 19:42:00,680: INFO: main: >>>>>> stage Model evaluation stage completed <<<<<<

x==========x]
[2024-12-27 20:40:33,385: INFO: main: >>>>>> stage Data Ingestion stage started <<<<<<]
[2024-12-27 20:40:33,391: INFO: common: yaml file: config/config.yaml loaded successfully]
[2024-12-27 20:40:33,393: INFO: common: yaml file: params.yaml loaded successfully]
[2024-12-27 20:40:33,396: INFO: common: yaml file: schema.yaml loaded successfully]
[2024-12-27 20:40:33,397: INFO: common: created directory at: artifacts]
[2024-12-27 20:40:33,397: INFO: common: created directory at: artifacts/data_ingestion]
[2024-12-27 20:40:33,398: INFO: data_ingestion: File already exists of size: ~ 2 KB]
[2024-12-27 20:40:33,400: INFO: main: >>>>>> stage Data Ingestion stage completed <<<<<<

x==========x]
[2024-12-27 20:40:33,400: INFO: main: >>>>>> stage Data Validation stage started <<<<<<]
[2024-12-27 20:40:33,406: INFO: common: yaml file: config/config.yaml loaded successfully]
[2024-12-27 20:40:33,407: INFO: common: yaml file: params.yaml loaded successfully]
[2024-12-27 20:40:33,411: INFO: common: yaml file: schema.yaml loaded successfully]
[2024-12-27 20:40:33,411: INFO: common: created directory at: artifacts]
[2024-12-27 20:40:33,412: INFO: common: created directory at: artifacts/data_validation]
[2024-12-27 20:40:33,420: INFO: main: >>>>>> stage Data Validation stage completed <<<<<<

x==========x]
[2024-12-27 20:40:33,421: INFO: main: >>>>>> stage Data Transformation stage started <<<<<<]
[2024-12-27 20:40:33,428: INFO: common: yaml file: config/config.yaml loaded successfully]
[2024-12-27 20:40:33,430: INFO: common: yaml file: params.yaml loaded successfully]
[2024-12-27 20:40:33,434: INFO: common: yaml file: schema.yaml loaded successfully]
[2024-12-27 20:40:33,436: INFO: common: created directory at: artifacts]
[2024-12-27 20:40:33,436: INFO: common: created directory at: artifacts/data_transformation]
[2024-12-27 20:40:33,437: INFO: data_transformation: Loading data for train-test splitting]
[2024-12-27 20:40:33,441: INFO: data_transformation: Cleaning the data before splitting]
[2024-12-27 20:40:33,441: INFO: data_transformation: Starting data cleaning process]
[2024-12-27 20:40:33,446: INFO: data_transformation: Data cleaning completed]
[2024-12-27 20:40:33,446: INFO: data_transformation: Data shape after cleaning: (276, 16)]
[2024-12-27 20:40:33,456: INFO: data_transformation: Splited data into training and test sets]
[2024-12-27 20:40:33,457: INFO: data_transformation: (207, 16)]
[2024-12-27 20:40:33,457: INFO: data_transformation: (69, 16)]
[2024-12-27 20:40:33,457: INFO: main: >>>>>> stage Data Transformation stage completed <<<<<<

x==========x]
[2024-12-27 20:40:33,458: INFO: main: >>>>>> stage Model Trainer stage started <<<<<<]
[2024-12-27 20:40:33,464: INFO: common: yaml file: config/config.yaml loaded successfully]
[2024-12-27 20:40:33,465: INFO: common: yaml file: params.yaml loaded successfully]
[2024-12-27 20:40:33,472: INFO: common: yaml file: schema.yaml loaded successfully]
[2024-12-27 20:40:33,473: INFO: common: created directory at: artifacts]
[2024-12-27 20:40:33,473: INFO: common: created directory at: artifacts/model_trainer]
[2024-12-27 20:40:33,508: INFO: main: >>>>>> stage Model Trainer stage completed <<<<<<

x==========x]
[2024-12-27 20:40:33,509: INFO: main: >>>>>> stage Model evaluation stage started <<<<<<]
[2024-12-27 20:40:33,517: INFO: common: yaml file: config/config.yaml loaded successfully]
[2024-12-27 20:40:33,518: INFO: common: yaml file: params.yaml loaded successfully]
[2024-12-27 20:40:33,523: INFO: common: yaml file: schema.yaml loaded successfully]
[2024-12-27 20:40:33,524: INFO: common: created directory at: artifacts]
[2024-12-27 20:40:33,524: INFO: common: created directory at: artifacts/model_evaluation]
[2024-12-27 20:40:33,575: INFO: main: >>>>>> stage Model evaluation stage completed <<<<<<

x==========x]
[2024-12-27 20:42:57,884: INFO: main: >>>>>> stage Data Ingestion stage started <<<<<<]
[2024-12-27 20:42:57,890: INFO: common: yaml file: config/config.yaml loaded successfully]
[2024-12-27 20:42:57,891: INFO: common: yaml file: params.yaml loaded successfully]
[2024-12-27 20:42:57,895: INFO: common: yaml file: schema.yaml loaded successfully]
[2024-12-27 20:42:57,895: INFO: common: created directory at: artifacts]
[2024-12-27 20:42:57,895: INFO: common: created directory at: artifacts/data_ingestion]
[2024-12-27 20:42:57,896: INFO: data_ingestion: File already exists of size: ~ 2 KB]
[2024-12-27 20:42:57,898: INFO: main: >>>>>> stage Data Ingestion stage completed <<<<<<

x==========x]
[2024-12-27 20:42:57,898: INFO: main: >>>>>> stage Data Validation stage started <<<<<<]
[2024-12-27 20:42:57,904: INFO: common: yaml file: config/config.yaml loaded successfully]
[2024-12-27 20:42:57,905: INFO: common: yaml file: params.yaml loaded successfully]
[2024-12-27 20:42:57,909: INFO: common: yaml file: schema.yaml loaded successfully]
[2024-12-27 20:42:57,910: INFO: common: created directory at: artifacts]
[2024-12-27 20:42:57,910: INFO: common: created directory at: artifacts/data_validation]
[2024-12-27 20:42:57,923: INFO: main: >>>>>> stage Data Validation stage completed <<<<<<

x==========x]
[2024-12-27 20:42:57,924: INFO: main: >>>>>> stage Data Transformation stage started <<<<<<]
[2024-12-27 20:42:57,934: INFO: common: yaml file: config/config.yaml loaded successfully]
[2024-12-27 20:42:57,936: INFO: common: yaml file: params.yaml loaded successfully]
[2024-12-27 20:42:57,942: INFO: common: yaml file: schema.yaml loaded successfully]
[2024-12-27 20:42:57,943: INFO: common: created directory at: artifacts]
[2024-12-27 20:42:57,944: INFO: common: created directory at: artifacts/data_transformation]
[2024-12-27 20:42:57,944: INFO: data_transformation: Loading data for train-test splitting]
[2024-12-27 20:42:57,949: INFO: data_transformation: Cleaning the data before splitting]
[2024-12-27 20:42:57,949: INFO: data_transformation: Starting data cleaning process]
[2024-12-27 20:42:57,958: INFO: data_transformation: Data cleaning completed]
[2024-12-27 20:42:57,959: INFO: data_transformation: Data shape after cleaning: (276, 16)]
[2024-12-27 20:42:57,973: INFO: data_transformation: Splited data into training and test sets]
[2024-12-27 20:42:57,974: INFO: data_transformation: (207, 16)]
[2024-12-27 20:42:57,974: INFO: data_transformation: (69, 16)]
[2024-12-27 20:42:57,976: INFO: main: >>>>>> stage Data Transformation stage completed <<<<<<

x==========x]
[2024-12-27 20:42:57,977: INFO: main: >>>>>> stage Model Trainer stage started <<<<<<]
[2024-12-27 20:42:57,997: INFO: common: yaml file: config/config.yaml loaded successfully]
[2024-12-27 20:42:57,999: INFO: common: yaml file: params.yaml loaded successfully]
[2024-12-27 20:42:58,010: INFO: common: yaml file: schema.yaml loaded successfully]
[2024-12-27 20:42:58,011: INFO: common: created directory at: artifacts]
[2024-12-27 20:42:58,012: INFO: common: created directory at: artifacts/model_trainer]
[2024-12-27 20:42:58,062: INFO: main: >>>>>> stage Model Trainer stage completed <<<<<<

x==========x]
[2024-12-27 20:42:58,063: INFO: main: >>>>>> stage Model evaluation stage started <<<<<<]
[2024-12-27 20:42:58,072: INFO: common: yaml file: config/config.yaml loaded successfully]
[2024-12-27 20:42:58,074: INFO: common: yaml file: params.yaml loaded successfully]
[2024-12-27 20:42:58,080: INFO: common: yaml file: schema.yaml loaded successfully]
[2024-12-27 20:42:58,081: INFO: common: created directory at: artifacts]
[2024-12-27 20:42:58,081: INFO: common: created directory at: artifacts/model_evaluation]
[2024-12-27 20:42:58,158: INFO: main: >>>>>> stage Model evaluation stage completed <<<<<<

x==========x]
[2024-12-27 20:50:05,104: INFO: main: >>>>>> stage Data Ingestion stage started <<<<<<]
[2024-12-27 20:50:05,111: INFO: common: yaml file: config/config.yaml loaded successfully]
[2024-12-27 20:50:05,112: INFO: common: yaml file: params.yaml loaded successfully]
[2024-12-27 20:50:05,116: INFO: common: yaml file: schema.yaml loaded successfully]
[2024-12-27 20:50:05,116: INFO: common: created directory at: artifacts]
[2024-12-27 20:50:05,116: INFO: common: created directory at: artifacts/data_ingestion]
[2024-12-27 20:50:05,117: INFO: data_ingestion: File already exists of size: ~ 2 KB]
[2024-12-27 20:50:05,119: INFO: main: >>>>>> stage Data Ingestion stage completed <<<<<<

x==========x]
[2024-12-27 20:50:05,119: INFO: main: >>>>>> stage Data Validation stage started <<<<<<]
[2024-12-27 20:50:05,125: INFO: common: yaml file: config/config.yaml loaded successfully]
[2024-12-27 20:50:05,126: INFO: common: yaml file: params.yaml loaded successfully]
[2024-12-27 20:50:05,131: INFO: common: yaml file: schema.yaml loaded successfully]
[2024-12-27 20:50:05,132: INFO: common: created directory at: artifacts]
[2024-12-27 20:50:05,132: INFO: common: created directory at: artifacts/data_validation]
[2024-12-27 20:50:05,141: INFO: main: >>>>>> stage Data Validation stage completed <<<<<<

x==========x]
[2024-12-27 20:50:05,141: INFO: main: >>>>>> stage Data Transformation stage started <<<<<<]
[2024-12-27 20:50:05,148: INFO: common: yaml file: config/config.yaml loaded successfully]
[2024-12-27 20:50:05,149: INFO: common: yaml file: params.yaml loaded successfully]
[2024-12-27 20:50:05,153: INFO: common: yaml file: schema.yaml loaded successfully]
[2024-12-27 20:50:05,153: INFO: common: created directory at: artifacts]
[2024-12-27 20:50:05,154: INFO: common: created directory at: artifacts/data_transformation]
[2024-12-27 20:50:05,154: INFO: data_transformation: Loading data for train-test splitting]
[2024-12-27 20:50:05,158: INFO: data_transformation: Cleaning the data before splitting]
[2024-12-27 20:50:05,158: INFO: data_transformation: Starting data cleaning process]
[2024-12-27 20:50:05,165: INFO: data_transformation: Detecting and removing outliers]
[2024-12-27 20:50:05,166: INFO: data_transformation: Numeric columns for outlier detection: ['AGE', 'SMOKING', 'YELLOW_FINGERS', 'ANXIETY', 'PEER_PRESSURE', 'CHRONIC DISEASE', 'FATIGUE ', 'ALLERGY ', 'WHEEZING', 'ALCOHOL CONSUMING', 'COUGHING', 'SHORTNESS OF BREATH', 'SWALLOWING DIFFICULTY', 'CHEST PAIN']]
[2024-12-27 20:50:05,173: INFO: data_transformation: Data shape after removing outliers: (275, 16)]
[2024-12-27 20:50:05,173: INFO: data_transformation: Data cleaning completed]
[2024-12-27 20:50:05,173: INFO: data_transformation: Data shape after cleaning: (275, 16)]
[2024-12-27 20:50:05,181: INFO: data_transformation: Split data into training and test sets]
[2024-12-27 20:50:05,181: INFO: data_transformation: Train set shape: (206, 16)]
[2024-12-27 20:50:05,181: INFO: data_transformation: Test set shape: (69, 16)]
[2024-12-27 20:50:05,181: INFO: main: >>>>>> stage Data Transformation stage completed <<<<<<

x==========x]
[2024-12-27 20:50:05,181: INFO: main: >>>>>> stage Model Trainer stage started <<<<<<]
[2024-12-27 20:50:05,188: INFO: common: yaml file: config/config.yaml loaded successfully]
[2024-12-27 20:50:05,190: INFO: common: yaml file: params.yaml loaded successfully]
[2024-12-27 20:50:05,194: INFO: common: yaml file: schema.yaml loaded successfully]
[2024-12-27 20:50:05,195: INFO: common: created directory at: artifacts]
[2024-12-27 20:50:05,195: INFO: common: created directory at: artifacts/model_trainer]
[2024-12-27 20:50:05,229: INFO: main: >>>>>> stage Model Trainer stage completed <<<<<<

x==========x]
[2024-12-27 20:50:05,230: INFO: main: >>>>>> stage Model evaluation stage started <<<<<<]
[2024-12-27 20:50:05,236: INFO: common: yaml file: config/config.yaml loaded successfully]
[2024-12-27 20:50:05,238: INFO: common: yaml file: params.yaml loaded successfully]
[2024-12-27 20:50:05,242: INFO: common: yaml file: schema.yaml loaded successfully]
[2024-12-27 20:50:05,243: INFO: common: created directory at: artifacts]
[2024-12-27 20:50:05,243: INFO: common: created directory at: artifacts/model_evaluation]
[2024-12-27 20:50:05,301: INFO: main: >>>>>> stage Model evaluation stage completed <<<<<<

x==========x]
[2024-12-27 21:23:52,054: INFO: main: >>>>>> stage Data Ingestion stage started <<<<<<]
[2024-12-27 21:23:52,061: INFO: common: yaml file: config/config.yaml loaded successfully]
[2024-12-27 21:23:52,063: INFO: common: yaml file: params.yaml loaded successfully]
[2024-12-27 21:23:52,066: INFO: common: yaml file: schema.yaml loaded successfully]
[2024-12-27 21:23:52,067: INFO: common: created directory at: artifacts]
[2024-12-27 21:23:52,067: INFO: common: created directory at: artifacts/data_ingestion]
[2024-12-27 21:23:52,067: INFO: data_ingestion: File already exists of size: ~ 2 KB]
[2024-12-27 21:23:52,069: INFO: main: >>>>>> stage Data Ingestion stage completed <<<<<<

x==========x]
[2024-12-27 21:23:52,069: INFO: main: >>>>>> stage Data Validation stage started <<<<<<]
[2024-12-27 21:23:52,079: INFO: common: yaml file: config/config.yaml loaded successfully]
[2024-12-27 21:23:52,081: INFO: common: yaml file: params.yaml loaded successfully]
[2024-12-27 21:23:52,087: INFO: common: yaml file: schema.yaml loaded successfully]
[2024-12-27 21:23:52,088: INFO: common: created directory at: artifacts]
[2024-12-27 21:23:52,088: INFO: common: created directory at: artifacts/data_validation]
[2024-12-27 21:23:52,098: INFO: main: >>>>>> stage Data Validation stage completed <<<<<<

x==========x]
[2024-12-27 21:23:52,099: INFO: main: >>>>>> stage Data Transformation stage started <<<<<<]
[2024-12-27 21:23:52,107: INFO: common: yaml file: config/config.yaml loaded successfully]
[2024-12-27 21:23:52,109: INFO: common: yaml file: params.yaml loaded successfully]
[2024-12-27 21:23:52,116: INFO: common: yaml file: schema.yaml loaded successfully]
[2024-12-27 21:23:52,117: INFO: common: created directory at: artifacts]
[2024-12-27 21:23:52,117: INFO: common: created directory at: artifacts/data_transformation]
[2024-12-27 21:23:52,117: INFO: data_transformation: Loading data for train-test splitting]
[2024-12-27 21:23:52,122: INFO: data_transformation: Cleaning the data before splitting]
[2024-12-27 21:23:52,123: INFO: data_transformation: Starting data cleaning process]
[2024-12-27 21:23:52,130: INFO: data_transformation: Detecting and removing outliers]
[2024-12-27 21:23:52,130: INFO: data_transformation: Numeric columns for outlier detection: ['AGE', 'SMOKING', 'YELLOW_FINGERS', 'ANXIETY', 'PEER_PRESSURE', 'CHRONIC DISEASE', 'FATIGUE ', 'ALLERGY ', 'WHEEZING', 'ALCOHOL CONSUMING', 'COUGHING', 'SHORTNESS OF BREATH', 'SWALLOWING DIFFICULTY', 'CHEST PAIN']]
[2024-12-27 21:23:52,139: INFO: data_transformation: Data shape after removing numerical outliers: (275, 16)]
[2024-12-27 21:23:52,140: INFO: data_transformation: Categorical columns for outlier detection: ['GENDER', 'LUNG_CANCER']]
[2024-12-27 21:23:52,142: INFO: data_transformation: Rare categories in 'GENDER' below threshold (0.01): []]
[2024-12-27 21:23:52,144: INFO: data_transformation: Data shape after removing outliers from 'GENDER': (275, 16)]
[2024-12-27 21:23:52,146: INFO: data_transformation: Rare categories in 'LUNG_CANCER' below threshold (0.01): []]
[2024-12-27 21:23:52,147: INFO: data_transformation: Data shape after removing outliers from 'LUNG_CANCER': (275, 16)]
[2024-12-27 21:23:52,147: INFO: data_transformation: Data cleaning completed]
[2024-12-27 21:23:52,147: INFO: data_transformation: Data shape after cleaning: (275, 16)]
[2024-12-27 21:23:52,157: INFO: data_transformation: Split data into training and test sets]
[2024-12-27 21:23:52,157: INFO: data_transformation: Train set shape: (206, 16)]
[2024-12-27 21:23:52,158: INFO: data_transformation: Test set shape: (69, 16)]
[2024-12-27 21:23:52,158: INFO: main: >>>>>> stage Data Transformation stage completed <<<<<<

x==========x]
[2024-12-27 21:23:52,158: INFO: main: >>>>>> stage Model Trainer stage started <<<<<<]
[2024-12-27 21:23:52,168: INFO: common: yaml file: config/config.yaml loaded successfully]
[2024-12-27 21:23:52,169: INFO: common: yaml file: params.yaml loaded successfully]
[2024-12-27 21:23:52,173: INFO: common: yaml file: schema.yaml loaded successfully]
[2024-12-27 21:23:52,174: INFO: common: created directory at: artifacts]
[2024-12-27 21:23:52,174: INFO: common: created directory at: artifacts/model_trainer]
[2024-12-27 21:23:52,203: INFO: main: >>>>>> stage Model Trainer stage completed <<<<<<

x==========x]
[2024-12-27 21:23:52,204: INFO: main: >>>>>> stage Model evaluation stage started <<<<<<]
[2024-12-27 21:23:52,210: INFO: common: yaml file: config/config.yaml loaded successfully]
[2024-12-27 21:23:52,212: INFO: common: yaml file: params.yaml loaded successfully]
[2024-12-27 21:23:52,216: INFO: common: yaml file: schema.yaml loaded successfully]
[2024-12-27 21:23:52,216: INFO: common: created directory at: artifacts]
[2024-12-27 21:23:52,217: INFO: common: created directory at: artifacts/model_evaluation]
[2024-12-27 21:23:52,266: INFO: main: >>>>>> stage Model evaluation stage completed <<<<<<

x==========x]
